[debug] [2023-08-14T03:53:43.772Z] ----------------------------------------------------------------------
[debug] [2023-08-14T03:53:43.774Z] Command:       C:\Program Files\nodejs\node.exe C:\Users\test\AppData\Roaming\npm\node_modules\firebase-tools\lib\bin\firebase.js deploy
[debug] [2023-08-14T03:53:43.774Z] CLI Version:   12.4.6
[debug] [2023-08-14T03:53:43.775Z] Platform:      win32
[debug] [2023-08-14T03:53:43.775Z] Node Version:  v18.16.1
[debug] [2023-08-14T03:53:43.776Z] Time:          Mon Aug 14 2023 09:53:43 GMT+0600 (Bangladesh Standard Time)
[debug] [2023-08-14T03:53:43.776Z] ----------------------------------------------------------------------
[debug] 
[debug] [2023-08-14T03:53:43.780Z] >>> [apiv2][query] GET https://firebase-public.firebaseio.com/cli.json [none]
[debug] [2023-08-14T03:53:43.907Z] > command requires scopes: ["email","openid","https://www.googleapis.com/auth/cloudplatformprojects.readonly","https://www.googleapis.com/auth/firebase","https://www.googleapis.com/auth/cloud-platform"]
[debug] [2023-08-14T03:53:43.908Z] > authorizing via signed-in user (tonmoy.debnath@northsouth.edu)
[debug] [2023-08-14T03:53:43.908Z] [iam] checking project w-apparels-ltd for permissions ["firebase.projects.get","firebasehosting.sites.update"]
[debug] [2023-08-14T03:53:43.909Z] > refreshing access token with scopes: []
[debug] [2023-08-14T03:53:43.910Z] >>> [apiv2][query] POST https://www.googleapis.com/oauth2/v3/token [none]
[debug] [2023-08-14T03:53:43.910Z] >>> [apiv2][body] POST https://www.googleapis.com/oauth2/v3/token [omitted]
[debug] [2023-08-14T03:53:44.263Z] <<< [apiv2][status] POST https://www.googleapis.com/oauth2/v3/token 200
[debug] [2023-08-14T03:53:44.264Z] <<< [apiv2][body] POST https://www.googleapis.com/oauth2/v3/token [omitted]
[debug] [2023-08-14T03:53:44.278Z] >>> [apiv2][query] POST https://cloudresourcemanager.googleapis.com/v1/projects/w-apparels-ltd:testIamPermissions [none]
[debug] [2023-08-14T03:53:44.278Z] >>> [apiv2][(partial)header] POST https://cloudresourcemanager.googleapis.com/v1/projects/w-apparels-ltd:testIamPermissions x-goog-quota-user=projects/w-apparels-ltd
[debug] [2023-08-14T03:53:44.278Z] >>> [apiv2][body] POST https://cloudresourcemanager.googleapis.com/v1/projects/w-apparels-ltd:testIamPermissions {"permissions":["firebase.projects.get","firebasehosting.sites.update"]}
[debug] [2023-08-14T03:53:44.573Z] <<< [apiv2][status] GET https://firebase-public.firebaseio.com/cli.json 200
[debug] [2023-08-14T03:53:44.573Z] <<< [apiv2][body] GET https://firebase-public.firebaseio.com/cli.json {"cloudBuildErrorAfter":1594252800000,"cloudBuildWarnAfter":1590019200000,"defaultNode10After":1594252800000,"minVersion":"3.0.5","node8DeploysDisabledAfter":1613390400000,"node8RuntimeDisabledAfter":1615809600000,"node8WarnAfter":1600128000000}
[debug] [2023-08-14T03:53:45.808Z] <<< [apiv2][status] POST https://cloudresourcemanager.googleapis.com/v1/projects/w-apparels-ltd:testIamPermissions 200
[debug] [2023-08-14T03:53:45.809Z] <<< [apiv2][body] POST https://cloudresourcemanager.googleapis.com/v1/projects/w-apparels-ltd:testIamPermissions {"permissions":["firebase.projects.get","firebasehosting.sites.update"]}
[debug] [2023-08-14T03:53:45.813Z] >>> [apiv2][query] GET https://firebase.googleapis.com/v1beta1/projects/w-apparels-ltd [none]
[debug] [2023-08-14T03:53:46.439Z] <<< [apiv2][status] GET https://firebase.googleapis.com/v1beta1/projects/w-apparels-ltd 200
[debug] [2023-08-14T03:53:46.440Z] <<< [apiv2][body] GET https://firebase.googleapis.com/v1beta1/projects/w-apparels-ltd {"projectId":"w-apparels-ltd","projectNumber":"187018750836","displayName":"W-apparels-ltd","name":"projects/w-apparels-ltd","resources":{"hostingSite":"w-apparels-ltd"},"state":"ACTIVE","etag":"1_9707937e-2ca2-40bc-a354-7d27d34f13f9"}
[info] 
[info] === Deploying to 'w-apparels-ltd'...
[info] 
[info] i  deploying hosting 
[debug] [2023-08-14T03:53:46.449Z] >>> [apiv2][query] POST https://firebasehosting.googleapis.com/v1beta1/projects/-/sites/w-apparels-ltd/versions [none]
[debug] [2023-08-14T03:53:46.449Z] >>> [apiv2][body] POST https://firebasehosting.googleapis.com/v1beta1/projects/-/sites/w-apparels-ltd/versions {"status":"CREATED","labels":{"deployment-tool":"cli-firebase"}}
[debug] [2023-08-14T03:53:47.708Z] <<< [apiv2][status] POST https://firebasehosting.googleapis.com/v1beta1/projects/-/sites/w-apparels-ltd/versions 200
[debug] [2023-08-14T03:53:47.708Z] <<< [apiv2][body] POST https://firebasehosting.googleapis.com/v1beta1/projects/-/sites/w-apparels-ltd/versions {"name":"projects/187018750836/sites/w-apparels-ltd/versions/0e6b3b1ee8b3f3af","status":"CREATED","config":{},"labels":{"deployment-tool":"cli-firebase"}}
[info] i  hosting[w-apparels-ltd]: beginning deploy... 
[info] i  hosting[w-apparels-ltd]: found 67 files in build 
[debug] [2023-08-14T03:53:47.730Z] [hosting] uploading with 200 concurrency
[debug] [2023-08-14T03:53:48.389Z] [hosting] hash cache [YnVpbGQ] stored for 67 files
[debug] [2023-08-14T03:53:48.389Z] [hosting][hash queue][FINAL] {"max":651,"min":9,"avg":98.41791044776119,"active":0,"complete":67,"success":67,"errored":0,"retried":0,"total":67,"elapsed":657}
[debug] [2023-08-14T03:53:48.389Z] >>> [apiv2][query] POST https://firebasehosting.googleapis.com/v1beta1/projects/187018750836/sites/w-apparels-ltd/versions/0e6b3b1ee8b3f3af:populateFiles [none]
[debug] [2023-08-14T03:53:48.389Z] >>> [apiv2][body] POST https://firebasehosting.googleapis.com/v1beta1/projects/187018750836/sites/w-apparels-ltd/versions/0e6b3b1ee8b3f3af:populateFiles {"files":{"/favicon.ico":"eae62e993eb980ec8a25058c39d5a51feab118bd2100c4deebb2a9c158ec11f9","/logo.jpeg":"93ebf9902f1ec25883f18902987b8195f08c7d1f4afdd892dde021eb57121d91","/manifest.json":"5c997de1364b8be939319fa9209abd77f2caf7f8844999a9e2e9173f844e7840","/robots.txt":"b2090cf9761ef60aa06e4fab97679bd43dfa5e5df073701ead5879d7c68f1ec5","/WapparelsPDF.pdf":"12d9492e19a54197b8bf25e72fe82b7110740e3da9220e6fe5f7c4f6c7848cef","/asset-manifest.json":"574df4b07818924f73dac72cd6cec56d30161bbd7589c2b8b4caaa2099a04d9f","/index.html":"d502456af1bda0a3efa49a907b6aebb80e5e6db5c992f6d540a3c11d7ac5bdce","/static/js/787.2cbf8e07.chunk.js":"3c91a517e242dac1ec893dee3c2f555b10a6979a095d151de9ef3d788f0eff13","/static/js/main.5a537d93.js.LICENSE.txt":"9a26b117d7d879bb82dd715dd665eefaf4df43a94e609623d348e62c73623d75","/static/js/787.2cbf8e07.chunk.js.map":"3dcf9a0137e64a5ba9f9a35f483bdf897c1fe2014a0c66d34cb9aa828c33f820","/static/media/333333.6af39829256797661a42.jpg":"6888ff67be33843a70ddbfb4d4197cec8bef565c7409e22099bad867b0909091","/static/media/Ashraf.3131f4eadcf0d7feffd4.jpg":"fbf836b0fbdf3b26a82c0961007fd3026714a64b3eeecaa851552c09e35135ea","/static/media/costing1.aa3a1269de4325bb633f.webp":"892a17390311ee29b06ec2c552645df3501ae23a5386bbe0c82310160903f194","/static/media/logo-4-dark.3006fa89a9e4ab8e0341.png":"51116ae8ffe52c1d2b1bedd164f4d2f072e2ee281882969e98e2ac4d9981a837","/static/media/logo-6-dark.98a6b98dc56152dba43a.png":"0c024b44a01cc88976b75951c95d37bb334767794fd9c0156a20dd90e3e93196","/static/media/777777.e2d4e220eed8931c2e74.jpg":"960fb124d3873d4ca3aa4332980c0145024e74e1a127fff8607659c5ca9517ca","/static/media/aftab-1.377684a971d674bab196.jpg":"11a09b07593cfa415983f7710e989d122111a0958914365732fc5a6d34c14175","/static/media/costing2.5d7f3563cdd7a5ae8998.webp":"d4bc08dfc471954b62aecfcc6dbd59e02e359d5b0793f203691671d0e3c4fa9b","/static/media/knn.ab0453ac949c6a9b2c8d.jpg":"9c8ac860858929590e76b31d1213b4ce0c85f3dbf4d92185a08d168ff01a42c9","/static/media/our2 (1).9ca94284fd59f6491322.jpg":"f08050403cd828162ef15d22cc4f0c76273451e56103e3b7e5dc8daddbdf195f","/static/media/ourstory-300x225-1.0379620834152091a84b.jpg":"021f2bdf4eb4ece485f2b7bd6b7b426f615c5cacaf6ad4f9229f1407c00237e1","/static/media/333333-1.ad6ddab034e2c6be3cba.jpg":"55377b97acff847111fcb2114efbada58cd7d6f08c9a832d6c1a9b972021de3f","/static/media/Our1 (1).59e66f193f6ead8dbaae.jpg":"8bbf194ea802ecbab5fed8f5312255dbd56900533522f1789b0d93df59c5c525","/static/media/888888.b40a1f8f9b9a458204f6.jpg":"d72e6f2836e678b4015bf77a2f15f7e5ea2eef95ef0861a506b3fb957bb5d2f1","/static/media/AM.9d168606a780fabbb0ae.jpg":"fe42c816274174c71c402a349c5b3f1737dfa15c3282dbb47c50d9c5de0c6c5d","/static/media/career.b78c0a00a4e884c74d2d.jpg":"0bf39b818e8e881df9cdd2afc189c3f34a1bd7804488ab230fe461be384f3f67","/static/css/main.a3990b55.css.map":"667fb9e125b0bd73f53e7d1ec84c66cebe9d16dbccebcb23e513c9d98f750b7f","/static/media/bashar.8a1493181c4baea0612b.jpg":"659a4c108a503fa1fbcb3a088f44bbdf90e6ca877b5e93a5a5802eb971413218","/static/media/building.80ae48673643291f0f9d.jpg":"8ec87b162c5afdf55cf88d17493bb98c60f86f00f56e879cee6fdc6817cee73d","/static/media/costing.e31f965353ceabb9dbba.jpg":"d36c510b9b9527ce8e75a559c782e083effe2db1d631d81132a8042acfe31775","/static/media/revicons.e8746a624ed098489406.woff":"90f3b7d6ec636d4e76f0829939a8c0e87626466431d6ef33c499d68fcd7f3bfa","/static/media/revicons.57fd05d4ae650374c8de.ttf":"49809bf130fbd75ad49579b8c5a6faacb4eefed1e204218cc36be967a323404d","/static/media/revicons.a77de540a38981833f9e.eot":"925e83bc136fe2400f219f5d816dae147a1cf2874e63584a129a660a50c659b7","/static/media/team-3-removebg-preview.d634bae0d7f255682dd3.jpg":"b564897bcc0108812e5f470dae896eec23c1e7d8e58fe1b6c332c05964aba188","/static/media/fontawesome-webfont.20fd1704ea223900efa9.woff2":"38d88317bebc79b4945a679daadd47daebbadc5cd13b41473143394ca7e8d892","/static/media/team-4.ca3657a60a8716236af5.jpg":"a93cf5ee91ee67b21e1e1e9c06310472276dba8a3afe1b9537ebb92774f37290","/static/media/last.9e042004a021367a638d.jpg":"c975645364101063d1d333a43d8d95807854bac39fb43dd02cd92d60651b560a","/static/media/Untitled__1_-removebg-preview.e0a721e6747c170dbb80.png":"4082ab27999bb583d38ad3b40781038d815e65dc6831aef6bbab5fd5f33f0a2b","/static/media/wapparels_logo.116cd49fb4458e1199aa.jpeg":"d6b67d03c6b6c08e75b5fed5d7bfc54b8bee3f29b80d2af12102ecef7edb8f30","/static/css/main.a3990b55.css":"7fcc3cd6671b78f9a08208f2745772ae3c0b1b40c29e707923001b7c181f544f","/static/media/fontawesome-webfont.f691f37e57f04c152e23.woff":"b51c2c79cce89b7c5947672c13f735c24ee1a9f8f6ebdb957c5fdfe567f27d37","/static/media/Sujan.9995d35706f02b5d8135.jpg":"0c277a8c6f9c071adedf9143069cc02b1c4aa04a17823218c9b7e3c079ee3c36","/static/media/fontawesome-webfont.8b43027f47b20503057d.eot":"4944999b255adf473d5b86b300eba33737e8f598c17f24e82a28582393331209","/static/media/fontawesome-webfont.1e59d2330b4c6deb84b3.ttf":"d9cef07d4f3569883fb4c3db76acea5478cef80775d012841eb78a42e60a8e89","/static/media/400md-300x300-1.e8df5f0403e055799b02.png":"23b1fad9e24d05ecf5d1c1c630fa96d2e3dcbe3d4436195c1551786779a7ad02","/static/media/1.338cebe8b83461ca8a34.jpg":"aa5bdf9eb195ccef11e61482ba1405f4835acab605ce228ccd8fef10374c2218","/static/media/products.761eeb13c847b11e70ad.jpg":"1fa2fc3905dcf8afad29e4091a76ca7db2de9c621e00f30569c845ded0b2be6f","/static/media/medical (2).14270a15ba264e54cc45.jpg":"5eb36fe4efc788fac5ea373fb2fed7800503456ea96b514826625568084ddd84","/static/media/cc.f9334521171e2c8ceb76.jpg":"2a5af9e33375ff9fc55ffc236ba02c0c750d45fca8624db6c173ea8c4a527a4d","/static/media/trainnig.b1a09a40fbe1e7c561ed.jpg":"57cbeafb250e4368cce1a90b0a0a37093d9a0e747d2821a0b897315e622aa09c","/static/media/medical (1).0bbd2c0a1ee0fa8ee00c.jpg":"e0442fcbccae3ddc40b80ced2aafb7027eb7cf6a6f70a257854d1c5b76f8345c","/static/media/GroupPic.fae05ff6beed03b590a9.jpg":"bb364842622eb7371738348e1bb875ca3e054ac238f05be081b31273c2bccbc4","/static/media/team-1.6ba5d904560b8ec32023.png":"b44438021ec71baa7b7dd207a4fe82999997023689c79e2d36ec73054707dcb1","/static/media/team-2.58d95fac6e1ae6a8d0bb.png":"0d472a1fbc15aa4e9d6537d6edc982d229652b24ab126f660ae6623bb6755b5a","/static/media/fontawesome-webfont.c1e38fd9e0e74ba58f7a.svg":"9b74ca5333a9ca156ae6ef0920d5bc42d283e95d25651bf4375404f0407a63ab","/static/media/fire3.3e3ffd5ddde15cedce16.jpg":"5161ad60b40500a8174cedf30d1d5e0e729e055e856f1c6e3b0fd1a98b9e1523","/static/media/fire2.19df3175785ff8419d32.jpg":"d17832324d7102fc6e763a66176eeb3eaa2651727ebe0f342cba9a5858a7fce1","/static/media/fire1.8c9e0a2397edd82f3a58.jpg":"3c841bbe5f032525713f42fd08f6963845a0f3849f1afea7c00d4abb82dbb2a5","/static/media/Login.3901f53e4dc45c9a1f3d.gif":"8bc37e707418b89b7d82a80f14fb627ec8459bf06f73d8068c3fb535d35c7d70","/static/media/66666-1.09811bd1f5c62f63d5af.png":"f5146d06b0a2d7ac5010f07a8691dbbb32a5cd4f68d5621d7fb9b2a0bd1f4c41","/static/js/main.5a537d93.js":"db60e07943239abb3175d4cba1d77d15afaf797701d373fd897483497a88834c","/static/media/IMG_2447(1) (1)-min.54cd5496f7b0b0e70dee.jpg":"1ebd55c467705153308cdc5b25ce6532f2995f62bea9dce21810dfe74c4060ed","/static/media/IMG_2437(2) (1)-min.8e75bef1ff20b6abde69.jpg":"ae6026e1073347200ab0c10bc091dcd888a1ad1ec8c0fa82c9da713c2ae2a932","/static/media/IMG_7258.36283dbad541aaf5356f.JPG":"7b468c7d653514145efee8392ce544897724323ffdcf110b19cf456c2b10103d","/static/media/IMG_7281.5ea95266fcf5d2412fe2.JPG":"9254a1d866aa7569e22b730e05f0a6fcb2815d7ea25cbc9d7a73b12deb4822de","/static/media/IMG_7269.66b30f28c6ddb04735ec.JPG":"e9cab9a3ab19eca032d79bc1f973e3d865abd9192d077f887c0365adb3dfdffa","/static/js/main.5a537d93.js.map":"2afcc5746e41ca6c68c2302df8eefbf48ae166c5a6f5d4ddfa3bcdb03b7653bd"}}
[debug] [2023-08-14T03:53:49.376Z] <<< [apiv2][status] POST https://firebasehosting.googleapis.com/v1beta1/projects/187018750836/sites/w-apparels-ltd/versions/0e6b3b1ee8b3f3af:populateFiles 200
[debug] [2023-08-14T03:53:49.376Z] <<< [apiv2][body] POST https://firebasehosting.googleapis.com/v1beta1/projects/187018750836/sites/w-apparels-ltd/versions/0e6b3b1ee8b3f3af:populateFiles {"uploadRequiredHashes":["db60e07943239abb3175d4cba1d77d15afaf797701d373fd897483497a88834c","7fcc3cd6671b78f9a08208f2745772ae3c0b1b40c29e707923001b7c181f544f","2afcc5746e41ca6c68c2302df8eefbf48ae166c5a6f5d4ddfa3bcdb03b7653bd","667fb9e125b0bd73f53e7d1ec84c66cebe9d16dbccebcb23e513c9d98f750b7f","574df4b07818924f73dac72cd6cec56d30161bbd7589c2b8b4caaa2099a04d9f","d502456af1bda0a3efa49a907b6aebb80e5e6db5c992f6d540a3c11d7ac5bdce"],"uploadUrl":"https://upload-firebasehosting.googleapis.com/upload/sites/w-apparels-ltd/versions/0e6b3b1ee8b3f3af/files"}
[debug] [2023-08-14T03:53:49.377Z] >>> [apiv2][query] POST https://upload-firebasehosting.googleapis.com/upload/sites/w-apparels-ltd/versions/0e6b3b1ee8b3f3af/files/db60e07943239abb3175d4cba1d77d15afaf797701d373fd897483497a88834c [none]
[debug] [2023-08-14T03:53:49.377Z] >>> [apiv2][body] POST https://upload-firebasehosting.googleapis.com/upload/sites/w-apparels-ltd/versions/0e6b3b1ee8b3f3af/files/db60e07943239abb3175d4cba1d77d15afaf797701d373fd897483497a88834c [stream]
[debug] [2023-08-14T03:53:49.378Z] >>> [apiv2][query] POST https://upload-firebasehosting.googleapis.com/upload/sites/w-apparels-ltd/versions/0e6b3b1ee8b3f3af/files/7fcc3cd6671b78f9a08208f2745772ae3c0b1b40c29e707923001b7c181f544f [none]
[debug] [2023-08-14T03:53:49.378Z] >>> [apiv2][body] POST https://upload-firebasehosting.googleapis.com/upload/sites/w-apparels-ltd/versions/0e6b3b1ee8b3f3af/files/7fcc3cd6671b78f9a08208f2745772ae3c0b1b40c29e707923001b7c181f544f [stream]
[debug] [2023-08-14T03:53:49.379Z] >>> [apiv2][query] POST https://upload-firebasehosting.googleapis.com/upload/sites/w-apparels-ltd/versions/0e6b3b1ee8b3f3af/files/2afcc5746e41ca6c68c2302df8eefbf48ae166c5a6f5d4ddfa3bcdb03b7653bd [none]
[debug] [2023-08-14T03:53:49.379Z] >>> [apiv2][body] POST https://upload-firebasehosting.googleapis.com/upload/sites/w-apparels-ltd/versions/0e6b3b1ee8b3f3af/files/2afcc5746e41ca6c68c2302df8eefbf48ae166c5a6f5d4ddfa3bcdb03b7653bd [stream]
[debug] [2023-08-14T03:53:49.380Z] >>> [apiv2][query] POST https://upload-firebasehosting.googleapis.com/upload/sites/w-apparels-ltd/versions/0e6b3b1ee8b3f3af/files/667fb9e125b0bd73f53e7d1ec84c66cebe9d16dbccebcb23e513c9d98f750b7f [none]
[debug] [2023-08-14T03:53:49.380Z] >>> [apiv2][body] POST https://upload-firebasehosting.googleapis.com/upload/sites/w-apparels-ltd/versions/0e6b3b1ee8b3f3af/files/667fb9e125b0bd73f53e7d1ec84c66cebe9d16dbccebcb23e513c9d98f750b7f [stream]
[debug] [2023-08-14T03:53:49.381Z] >>> [apiv2][query] POST https://upload-firebasehosting.googleapis.com/upload/sites/w-apparels-ltd/versions/0e6b3b1ee8b3f3af/files/574df4b07818924f73dac72cd6cec56d30161bbd7589c2b8b4caaa2099a04d9f [none]
[debug] [2023-08-14T03:53:49.381Z] >>> [apiv2][body] POST https://upload-firebasehosting.googleapis.com/upload/sites/w-apparels-ltd/versions/0e6b3b1ee8b3f3af/files/574df4b07818924f73dac72cd6cec56d30161bbd7589c2b8b4caaa2099a04d9f [stream]
[debug] [2023-08-14T03:53:49.382Z] >>> [apiv2][query] POST https://upload-firebasehosting.googleapis.com/upload/sites/w-apparels-ltd/versions/0e6b3b1ee8b3f3af/files/d502456af1bda0a3efa49a907b6aebb80e5e6db5c992f6d540a3c11d7ac5bdce [none]
[debug] [2023-08-14T03:53:49.382Z] >>> [apiv2][body] POST https://upload-firebasehosting.googleapis.com/upload/sites/w-apparels-ltd/versions/0e6b3b1ee8b3f3af/files/d502456af1bda0a3efa49a907b6aebb80e5e6db5c992f6d540a3c11d7ac5bdce [stream]
[debug] [2023-08-14T03:53:49.383Z] [hosting][populate queue][FINAL] {"max":990,"min":990,"avg":990,"active":0,"complete":1,"success":1,"errored":0,"retried":0,"total":1,"elapsed":996}
[debug] [2023-08-14T03:53:49.384Z] [hosting] uploads queued: 6
[debug] [2023-08-14T03:53:50.855Z] <<< [apiv2][status] POST https://upload-firebasehosting.googleapis.com/upload/sites/w-apparels-ltd/versions/0e6b3b1ee8b3f3af/files/d502456af1bda0a3efa49a907b6aebb80e5e6db5c992f6d540a3c11d7ac5bdce 200
[debug] [2023-08-14T03:53:50.856Z] <<< [apiv2][body] POST https://upload-firebasehosting.googleapis.com/upload/sites/w-apparels-ltd/versions/0e6b3b1ee8b3f3af/files/d502456af1bda0a3efa49a907b6aebb80e5e6db5c992f6d540a3c11d7ac5bdce [stream]
[debug] [2023-08-14T03:53:50.897Z] <<< [apiv2][status] POST https://upload-firebasehosting.googleapis.com/upload/sites/w-apparels-ltd/versions/0e6b3b1ee8b3f3af/files/574df4b07818924f73dac72cd6cec56d30161bbd7589c2b8b4caaa2099a04d9f 200
[debug] [2023-08-14T03:53:50.897Z] <<< [apiv2][body] POST https://upload-firebasehosting.googleapis.com/upload/sites/w-apparels-ltd/versions/0e6b3b1ee8b3f3af/files/574df4b07818924f73dac72cd6cec56d30161bbd7589c2b8b4caaa2099a04d9f [stream]
[debug] [2023-08-14T03:53:51.027Z] <<< [apiv2][status] POST https://upload-firebasehosting.googleapis.com/upload/sites/w-apparels-ltd/versions/0e6b3b1ee8b3f3af/files/7fcc3cd6671b78f9a08208f2745772ae3c0b1b40c29e707923001b7c181f544f 200
[debug] [2023-08-14T03:53:51.027Z] <<< [apiv2][body] POST https://upload-firebasehosting.googleapis.com/upload/sites/w-apparels-ltd/versions/0e6b3b1ee8b3f3af/files/7fcc3cd6671b78f9a08208f2745772ae3c0b1b40c29e707923001b7c181f544f [stream]
[debug] [2023-08-14T03:53:51.092Z] <<< [apiv2][status] POST https://upload-firebasehosting.googleapis.com/upload/sites/w-apparels-ltd/versions/0e6b3b1ee8b3f3af/files/db60e07943239abb3175d4cba1d77d15afaf797701d373fd897483497a88834c 200
[debug] [2023-08-14T03:53:51.092Z] <<< [apiv2][body] POST https://upload-firebasehosting.googleapis.com/upload/sites/w-apparels-ltd/versions/0e6b3b1ee8b3f3af/files/db60e07943239abb3175d4cba1d77d15afaf797701d373fd897483497a88834c [stream]
[debug] [2023-08-14T03:53:51.863Z] <<< [apiv2][status] POST https://upload-firebasehosting.googleapis.com/upload/sites/w-apparels-ltd/versions/0e6b3b1ee8b3f3af/files/2afcc5746e41ca6c68c2302df8eefbf48ae166c5a6f5d4ddfa3bcdb03b7653bd 200
[debug] [2023-08-14T03:53:51.863Z] <<< [apiv2][body] POST https://upload-firebasehosting.googleapis.com/upload/sites/w-apparels-ltd/versions/0e6b3b1ee8b3f3af/files/2afcc5746e41ca6c68c2302df8eefbf48ae166c5a6f5d4ddfa3bcdb03b7653bd [stream]
[debug] [2023-08-14T03:53:52.166Z] <<< [apiv2][status] POST https://upload-firebasehosting.googleapis.com/upload/sites/w-apparels-ltd/versions/0e6b3b1ee8b3f3af/files/667fb9e125b0bd73f53e7d1ec84c66cebe9d16dbccebcb23e513c9d98f750b7f 200
[debug] [2023-08-14T03:53:52.166Z] <<< [apiv2][body] POST https://upload-firebasehosting.googleapis.com/upload/sites/w-apparels-ltd/versions/0e6b3b1ee8b3f3af/files/667fb9e125b0bd73f53e7d1ec84c66cebe9d16dbccebcb23e513c9d98f750b7f [stream]
[debug] [2023-08-14T03:53:52.167Z] [hosting][upload queue][FINAL] {"max":2790,"min":1479,"avg":1940.3333333333333,"active":0,"complete":6,"success":6,"errored":0,"retried":0,"total":6,"elapsed":2791}
[info] +  hosting[w-apparels-ltd]: file upload complete 
[debug] [2023-08-14T03:53:52.168Z] [hosting] deploy completed after 4458ms
[debug] [2023-08-14T03:53:52.168Z] [
  {
    "config": {
      "public": "build",
      "ignore": [
        "firebase.json",
        "**/.*",
        "**/node_modules/**"
      ],
      "rewrites": [
        {
          "source": "**",
          "destination": "/index.html"
        }
      ],
      "site": "w-apparels-ltd"
    },
    "version": "projects/187018750836/sites/w-apparels-ltd/versions/0e6b3b1ee8b3f3af"
  }
]
[info] i  hosting[w-apparels-ltd]: finalizing version... 
[debug] [2023-08-14T03:53:52.170Z] >>> [apiv2][query] PATCH https://firebasehosting.googleapis.com/v1beta1/projects/-/sites/w-apparels-ltd/versions/0e6b3b1ee8b3f3af updateMask=status%2Cconfig
[debug] [2023-08-14T03:53:52.170Z] >>> [apiv2][body] PATCH https://firebasehosting.googleapis.com/v1beta1/projects/-/sites/w-apparels-ltd/versions/0e6b3b1ee8b3f3af {"status":"FINALIZED","config":{"rewrites":[{"glob":"**","path":"/index.html"}]}}
[debug] [2023-08-14T03:53:53.174Z] <<< [apiv2][status] PATCH https://firebasehosting.googleapis.com/v1beta1/projects/-/sites/w-apparels-ltd/versions/0e6b3b1ee8b3f3af 200
[debug] [2023-08-14T03:53:53.175Z] <<< [apiv2][body] PATCH https://firebasehosting.googleapis.com/v1beta1/projects/-/sites/w-apparels-ltd/versions/0e6b3b1ee8b3f3af {"name":"projects/187018750836/sites/w-apparels-ltd/versions/0e6b3b1ee8b3f3af","status":"FINALIZED","config":{"rewrites":[{"glob":"**","path":"/index.html"}]},"labels":{"deployment-tool":"cli-firebase"},"createTime":"2023-08-14T03:53:47.275572Z","createUser":{"email":"tonmoy.debnath@northsouth.edu"},"finalizeTime":"2023-08-14T03:53:53.009975Z","finalizeUser":{"email":"tonmoy.debnath@northsouth.edu"}}
[debug] [2023-08-14T03:53:53.175Z] [hosting] finalized version for w-apparels-ltd:[object Object]
[info] +  hosting[w-apparels-ltd]: version finalized 
[info] i  hosting[w-apparels-ltd]: releasing new version... 
[debug] [2023-08-14T03:53:53.177Z] >>> [apiv2][query] POST https://firebasehosting.googleapis.com/v1beta1/projects/-/sites/w-apparels-ltd/channels/live/releases versionName=projects%2F187018750836%2Fsites%2Fw-apparels-ltd%2Fversions%2F0e6b3b1ee8b3f3af
[debug] [2023-08-14T03:53:53.177Z] >>> [apiv2][body] POST https://firebasehosting.googleapis.com/v1beta1/projects/-/sites/w-apparels-ltd/channels/live/releases {}
[debug] [2023-08-14T03:53:54.184Z] <<< [apiv2][status] POST https://firebasehosting.googleapis.com/v1beta1/projects/-/sites/w-apparels-ltd/channels/live/releases 200
[debug] [2023-08-14T03:53:54.184Z] <<< [apiv2][body] POST https://firebasehosting.googleapis.com/v1beta1/projects/-/sites/w-apparels-ltd/channels/live/releases {"name":"projects/187018750836/sites/w-apparels-ltd/channels/live/releases/1691985233403000","version":{"name":"projects/187018750836/sites/w-apparels-ltd/versions/0e6b3b1ee8b3f3af","status":"FINALIZED","config":{"rewrites":[{"glob":"**","path":"/index.html"}]},"labels":{"deployment-tool":"cli-firebase"},"createTime":"2023-08-14T03:53:47.275572Z","createUser":{"email":"tonmoy.debnath@northsouth.edu","imageUrl":"https://lh3.googleusercontent.com/a/AAcHTtcHcYPPnve3nfLC1HOEhuLsN4U2CBpLkZWWur9csAwoiuU"},"finalizeTime":"2023-08-14T03:53:53.009975Z","finalizeUser":{"email":"tonmoy.debnath@northsouth.edu","imageUrl":"https://lh3.googleusercontent.com/a/AAcHTtcHcYPPnve3nfLC1HOEhuLsN4U2CBpLkZWWur9csAwoiuU"}},"type":"DEPLOY","releaseTime":"2023-08-14T03:53:53.403Z","releaseUser":{"email":"tonmoy.debnath@northsouth.edu","imageUrl":"https://lh3.googleusercontent.com/a/AAcHTtcHcYPPnve3nfLC1HOEhuLsN4U2CBpLkZWWur9csAwoiuU"}}
[debug] [2023-08-14T03:53:54.184Z] [hosting] release: {"name":"projects/187018750836/sites/w-apparels-ltd/channels/live/releases/1691985233403000","version":{"name":"projects/187018750836/sites/w-apparels-ltd/versions/0e6b3b1ee8b3f3af","status":"FINALIZED","config":{"rewrites":[{"glob":"**","path":"/index.html"}]},"labels":{"deployment-tool":"cli-firebase"},"createTime":"2023-08-14T03:53:47.275572Z","createUser":{"email":"tonmoy.debnath@northsouth.edu","imageUrl":"https://lh3.googleusercontent.com/a/AAcHTtcHcYPPnve3nfLC1HOEhuLsN4U2CBpLkZWWur9csAwoiuU"},"finalizeTime":"2023-08-14T03:53:53.009975Z","finalizeUser":{"email":"tonmoy.debnath@northsouth.edu","imageUrl":"https://lh3.googleusercontent.com/a/AAcHTtcHcYPPnve3nfLC1HOEhuLsN4U2CBpLkZWWur9csAwoiuU"}},"type":"DEPLOY","releaseTime":"2023-08-14T03:53:53.403Z","releaseUser":{"email":"tonmoy.debnath@northsouth.edu","imageUrl":"https://lh3.googleusercontent.com/a/AAcHTtcHcYPPnve3nfLC1HOEhuLsN4U2CBpLkZWWur9csAwoiuU"}}
[info] +  hosting[w-apparels-ltd]: release complete 
[info] 
[info] +  Deploy complete! 
[info] 
[info] Project Console: https://console.firebase.google.com/project/w-apparels-ltd/overview
[info] Hosting URL: https://w-apparels-ltd.web.app
[debug] [2023-08-14T03:53:59.580Z] Error: Timed out.
    at Timeout._onTimeout (C:\Users\test\AppData\Roaming\npm\node_modules\firebase-tools\lib\utils.js:254:49)
    at listOnTimeout (node:internal/timers:569:17)
    at process.processTimers (node:internal/timers:512:7)
[error] 
[error] Error: An unexpected error has occurred.
